// Jest Snapshot v1, https://goo.gl/fbAQLP

exports[`FKEventHeaderTemplate Component should render component correctly 1`] = `
<div>
  <RaceTimeStatus
    event={
      Object {
        "id": "123",
      }
    }
  />
</div>
`;
