// Jest Snapshot v1, https://goo.gl/fbAQLP

exports[`Link should render correctly 1`] = `
<div>
  <Icon
    type="facebook"
  />
  Facebook
</div>
`;
