exports[`test changes the class when hovered 1`] = `
<a
  className="normal"
  href="http://www.facebook.com"
  onMouseEnter={[Function]}
  onMouseLeave={[Function]}>
  Facebook
</a>
`;

exports[`test changes the class when hovered 2`] = `
<a
  className="hovered"
  href="http://www.facebook.com"
  onMouseEnter={[Function]}
  onMouseLeave={[Function]}>
  Facebook
</a>
`;

exports[`test changes the class when hovered 3`] = `
<a
  className="normal"
  href="http://www.facebook.com"
  onMouseEnter={[Function]}
  onMouseLeave={[Function]}>
  Facebook
</a>
`;

exports[`test properly escapes quotes 1`] = `
<a
  className="normal"
  href="#"
  onMouseEnter={[Function]}
  onMouseLeave={[Function]}>
  \"Facebook\" \\\'is \\ \'awesome\'
</a>
`;

exports[`test renders as an anchor when no page is set 1`] = `
<a
  className="normal"
  href="#"
  onMouseEnter={[Function]}
  onMouseLeave={[Function]}>
  Facebook
</a>
`;

exports[`test renders correctly 1`] = `
<a
  className="normal"
  href="http://www.facebook.com"
  onMouseEnter={[Function]}
  onMouseLeave={[Function]}>
  Facebook
</a>
`;
