// Jest Snapshot v1, https://goo.gl/fbAQLP

exports[`using enzyme shallow 1`] = `
<div>
  <MyCheckbox
    isChecked={false}
    onChange={[Function]}
  />
  <MyButton
    onClick={[Function]}
  />
  <label>
    Off
  </label>
</div>
`;
